{
  "Metrics": {
    "Enabled": true,
    "MetricsQueue": "Particular.Monitoring",
    "Interval": "00:00:01",
    "InstanceId": "uniqueInstanceId",
    "TimeToLive": "00:02:00"
  }
}