Connection test to RabbitMQ failed:
Connection refused (localhost:12345)

Connection attempted with the following settings:
Username not set, defaulted to using "guest" username from the ConnectionString used by instance
Password not set, defaulted to using password from the ConnectionString used by instance
RabbitMQ API Url set to "http://localhost:12345"
