{
  "EndpointA": [
    {
      "UtcDate": "(YESTERDAY)T00:00:00Z",
      "Count": 2
    },
    {
      "UtcDate": "(TODAY)T00:00:00Z",
      "Count": 1
    }
  ],
  "EndpointB": [
    {
      "UtcDate": "(WEEKBEFORE)T00:00:00Z",
      "Count": 4
    },
    {
      "UtcDate": "(TODAY)T00:00:00Z",
      "Count": 3
    }
  ]
}