GET / => ServiceControl.Audit.Infrastructure.WebApi.RootController:Urls()
GET /configuration => ServiceControl.Audit.Infrastructure.WebApi.RootController:Config()
GET /connection => ServiceControl.Audit.Connection.ConnectionController:GetConnectionDetails()
GET /conversations/{conversationId} => ServiceControl.Audit.Auditing.MessagesView.MessagesConversationController:Get(PagingInfo pagingInfo, SortInfo sortInfo, String conversationId)
GET /endpoints/{endpoint}/audit-count => ServiceControl.Audit.Auditing.MessagesView.GetMessagesController:GetEndpointAuditCounts(PagingInfo pagingInfo, String endpoint)
GET /endpoints/{endpoint}/messages => ServiceControl.Audit.Auditing.MessagesView.GetMessagesController:GetEndpointMessages(PagingInfo pagingInfo, SortInfo sortInfo, Boolean includeSystemMessages, String endpoint)
GET /endpoints/{endpoint}/messages/search => ServiceControl.Audit.Auditing.MessagesView.GetMessagesController:Search(PagingInfo pagingInfo, SortInfo sortInfo, String endpoint, String q)
GET /endpoints/{endpoint}/messages/search/{keyword} => ServiceControl.Audit.Auditing.MessagesView.GetMessagesController:SearchByKeyword(PagingInfo pagingInfo, SortInfo sortInfo, String endpoint, String keyword)
GET /endpoints/known => ServiceControl.Audit.Monitoring.KnownEndpointsController:GetAll(PagingInfo pagingInfo)
GET /instance-info => ServiceControl.Audit.Infrastructure.WebApi.RootController:Config()
GET /messages => ServiceControl.Audit.Auditing.MessagesView.GetMessagesController:GetAllMessages(PagingInfo pagingInfo, SortInfo sortInfo, Boolean includeSystemMessages)
GET /messages/{*catchAll} => ServiceControl.Audit.Auditing.MessagesView.GetMessagesController:CatchAll(String catchAll)
GET /messages/{id}/body => ServiceControl.Audit.Auditing.MessagesView.GetMessagesController:Get(String id)
GET /messages/search => ServiceControl.Audit.Auditing.MessagesView.GetMessagesController:Search(PagingInfo pagingInfo, SortInfo sortInfo, String q)
GET /messages/search/{keyword} => ServiceControl.Audit.Auditing.MessagesView.GetMessagesController:SearchByKeyWord(PagingInfo pagingInfo, SortInfo sortInfo, String keyword)
GET /sagas/{id} => ServiceControl.Audit.SagaAudit.SagasController:Sagas(PagingInfo pagingInfo, Guid id)
