{
  "OnMessage": {
    "Method": {
      "Name": "<.ctor>b__0_0",
      "AssemblyName": "ServiceControl.Audit, Version=4.0.0.0, Culture=neutral, PublicKeyToken=null",
      "ClassName": "ServiceControl.Audit.Infrastructure.Settings.Settings+<>c",
      "Signature": "System.Threading.Tasks.Task <.ctor>b__0_0(System.String, System.Collections.Generic.Dictionary`2[System.String,System.String], Byte[], System.Func`1[System.Threading.Tasks.Task])",
      "Signature2": "System.Threading.Tasks.Task <.ctor>b__0_0(System.String, System.Collections.Generic.Dictionary`2[[System.String, mscorlib, Version=4.0.0.0, Culture=neutral, PublicKeyToken=b77a5c561934e089],[System.String, mscorlib, Version=4.0.0.0, Culture=neutral, PublicKeyToken=b77a5c561934e089]], System.Byte[], System.Func`1[[System.Threading.Tasks.Task, mscorlib, Version=4.0.0.0, Culture=neutral, PublicKeyToken=b77a5c561934e089]])",
      "MemberType": 8,
      "GenericArguments": null
    },
    "Target": {}
  },
  "RunInMemory": false,
  "ValidateConfiguration": true,
  "DisableRavenDBPerformanceCounters": true,
  "SkipQueueCreation": false,
  "RunCleanupBundle": false,
  "RootUrl": "http://localhost:8888/",
  "DatabaseMaintenanceUrl": "http://localhost:44445",
  "ApiUrl": "http://localhost:8888/api",
  "StorageUrl": "http://localhost:8888/storage",
  "Port": 8888,
  "DatabaseMaintenancePort": 44445,
  "ExposeRavenDB": false,
  "PrintMetrics": false,
  "Hostname": "localhost",
  "VirtualDirectory": "",
  "TransportCustomizationType": "ServiceControl.Transports.Learning.LearningTransportCustomization, ServiceControl.Transports.Learning",
  "DbPath": "C:\\DB",
  "AuditQueue": "audit",
  "ForwardAuditMessages": false,
  "IngestAuditMessages": true,
  "AuditLogQueue": "audit.log",
  "LicenseFileText": null,
  "ExpirationProcessTimerInSeconds": 600,
  "AuditRetentionPeriod": "10.00:00:00",
  "ExpirationProcessBatchSize": 65512,
  "MaxBodySizeToStore": 102400,
  "ServiceName": "Particular.ServiceControl.Audit",
  "HttpDefaultConnectionLimit": 100,
  "TransportConnectionString": null,
  "MaximumConcurrencyLevel": 32,
  "DataSpaceRemainingThreshold": 20,
  "ServiceControlQueueAddress": "Particular.ServiceControl",
  "TimeToRestartAuditIngestionAfterFailure": "00:01:00",
  "EnableFullTextSearchOnBodies": true,
  "ExposeApi": true
}