ServiceControl.Audit Health: Audit Message Ingestion
Storage space: ServiceControl.Audit database