As part of this release we had [1 commit](https://github.com/TestUser/FakeRepo/commits/1.2.3) which resulted in [1 issue](https://github.com/FakeRepo/issues/issues?milestone=0&state=closed) being closed.


## Bug Fixes
- [**1**](http://example.com/1) - Issue 1  

## Where to get it
You can download this release from [website](http://particular.net/downloads).
