


## Where to get it
You can download this release from [website](http://particular.net/downloads).
