Connection test to Audit Instance failed:
http://localhost:44444/api/ - ServiceControl Audit instance with invalid version of '' (minimum version is 4.29.0). Audit throughput will not be available.

Connection attempted to the following Audit instances:
http://localhost:44444/api/
