No throughput from Monitoring recorded in the last 30 days
Listening on queue ServiceControl.ThroughputData
