ServiceControl.SagaAudit.SagaHistory, ServiceControl.Audit.Persistence.SagaAudit, Version=4.0.0.0, Culture=neutral, PublicKeyToken=null
ServiceControl.Audit.Persistence.Monitoring.KnownEndpoint, ServiceControl.Audit.Persistence, Version=4.0.0.0, Culture=neutral, PublicKeyToken=null
ServiceControl.Audit.Auditing.ProcessedMessage, ServiceControl.Audit.Persistence, Version=4.0.0.0, Culture=neutral, PublicKeyToken=null
ServiceControl.Audit.Auditing.FailedAuditImport, ServiceControl.Audit.Persistence, Version=4.0.0.0, Culture=neutral, PublicKeyToken=null
ServiceControl.Audit.Persistence.RavenDb.Indexes.MessagesViewIndex+SortAndFilterOptions, ServiceControl.Audit.Persistence.RavenDb, Version=4.0.0.0, Culture=neutral, PublicKeyToken=null