[
  "NServiceBus",
  "Particular.ServiceControl",
  "Particular.ServiceControl.Commands",
  "Particular.ServiceControl.Hosting",
  "Particular.ServiceControl.Licensing",
  "ServiceBus.Management.Infrastructure",
  "ServiceBus.Management.Infrastructure.Extensions",
  "ServiceBus.Management.Infrastructure.Installers",
  "ServiceBus.Management.Infrastructure.OWIN",
  "ServiceBus.Management.Infrastructure.Settings",
  "ServiceControl",
  "ServiceControl.Audit.Monitoring",
  "ServiceControl.CompositeViews.MessageCounting",
  "ServiceControl.CompositeViews.Messages",
  "ServiceControl.Connection",
  "ServiceControl.Contracts.CustomChecks",
  "ServiceControl.Contracts.EndpointControl",
  "ServiceControl.Contracts.EventLog",
  "ServiceControl.Contracts.HeartbeatMonitoring",
  "ServiceControl.Contracts.MessageFailures",
  "ServiceControl.Contracts.MessageRedirects",
  "ServiceControl.Contracts.Operations",
  "ServiceControl.CustomChecks",
  "ServiceControl.EndpointControl.Contracts",
  "ServiceControl.EndpointControl.Handlers",
  "ServiceControl.EndpointControl.InternalMessages",
  "ServiceControl.EventLog",
  "ServiceControl.ExternalIntegrations",
  "ServiceControl.HeartbeatMonitoring",
  "ServiceControl.HeartbeatMonitoring.InternalMessages",
  "ServiceControl.Hosting.Commands",
  "ServiceControl.Infrastructure",
  "ServiceControl.Infrastructure.BackgroundTasks",
  "ServiceControl.Infrastructure.DomainEvents",
  "ServiceControl.Infrastructure.Metrics",
  "ServiceControl.Infrastructure.OWIN",
  "ServiceControl.Infrastructure.Plugins",
  "ServiceControl.Infrastructure.RavenDB",
  "ServiceControl.Infrastructure.RavenDB.Expiration",
  "ServiceControl.Infrastructure.RavenDB.Subscriptions",
  "ServiceControl.Infrastructure.Settings",
  "ServiceControl.Infrastructure.SignalR",
  "ServiceControl.Infrastructure.WebApi",
  "ServiceControl.Licensing",
  "ServiceControl.MessageFailures",
  "ServiceControl.MessageFailures.Api",
  "ServiceControl.MessageFailures.Handlers",
  "ServiceControl.MessageFailures.InternalMessages",
  "ServiceControl.MessageRedirects",
  "ServiceControl.MessageRedirects.Api",
  "ServiceControl.Monitoring",
  "ServiceControl.Monitoring.EventLog",
  "ServiceControl.Monitoring.Handler",
  "ServiceControl.Notifications",
  "ServiceControl.Notifications.Api",
  "ServiceControl.Notifications.Email",
  "ServiceControl.Operations",
  "ServiceControl.Operations.BodyStorage",
  "ServiceControl.Operations.BodyStorage.Api",
  "ServiceControl.Operations.BodyStorage.RavenAttachments",
  "ServiceControl.Persistence",
  "ServiceControl.Plugin.CustomChecks.Messages",
  "ServiceControl.Plugin.Heartbeat.Messages",
  "ServiceControl.Recoverability",
  "ServiceControl.Recoverability.API",
  "ServiceControl.Recoverability.Editing",
  "ServiceControl.Recoverability.EventLog",
  "ServiceControl.Recoverability.ExternalIntegration",
  "ServiceControl.Recoverability.Retrying",
  "ServiceControl.SagaAudit"
]