{
    "Id": "00000000-0000-0000-0000-000000000000",
    "SagaId": "00000000-0000-0000-0000-000000000000",
    "SagaType": "MySaga1",
    "Changes": [
        {
            "StartTime": "2002-03-01T01:01:01Z",
            "FinishTime": "2002-04-01T01:01:01Z",
            "Status": "Completed",
            "StateAfterChange": "Completed",
            "InitiatingMessage": null,
            "OutgoingMessages": [],
            "Endpoint": "MyEndpoint"
        },
        {
            "StartTime": "2001-01-01T01:01:01Z",
            "FinishTime": "2001-02-01T01:01:01Z",
            "Status": "Updated",
            "StateAfterChange": "Updated",
            "InitiatingMessage": null,
            "OutgoingMessages": [],
            "Endpoint": "MyEndpoint"
        }
    ]
}