{
  "ServiceControl.SagaAudit.ApiModule": [
    "GET: /sagas/{id}"
  ],
  "ServiceControl.Monitoring.ApiModule": [
    "GET: /endpoints",
    "GET: /endpoints/known",
    "GET: /heartbeats/stats",
    "PATCH: /endpoints/{id}"
  ],
  "ServiceControl.MessageFailures.Api.ArchiveMessages": [
    "PATCH: /errors/{messageid}/archive",
    "PATCH: /errors/archive",
    "POST: /errors/{messageid}/archive",
    "POST: /errors/archive"
  ],
  "ServiceControl.CustomChecks.CustomChecksModule": [
    "DELETE: /customchecks/{id}",
    "GET: /customchecks"
  ],
  "ServiceControl.EventLog.EventLogApiModule": [
    "GET: /eventlogitems"
  ],
  "ServiceControl.Recoverability.FailureGroupsApi": [
    "GET: /recoverability/classifiers",
    "GET: /recoverability/groups/{classifier?Exception Type and Stack Trace}",
    "GET: /recoverability/groups/{groupId}/errors",
    "GET: /recoverability/groups/id/{groupId}",
    "GET: /recoverability/history",
    "HEAD: /recoverability/groups/{groupId}/errors",
    "POST: /recoverability/groups/reclassify"
  ],
  "ServiceControl.Recoverability.FailureGroupsArchiveApi": [
    "POST: /recoverability/groups/{groupId}/errors/archive"
  ],
  "ServiceControl.Recoverability.FailureGroupsRetryApi": [
    "POST: /recoverability/groups/{groupId}/errors/retry"
  ],
  "ServiceControl.MessageFailures.Api.GetAllErrors": [
    "GET: /endpoints/{name}/errors",
    "GET: /errors",
    "GET: /errors/summary",
    "HEAD: /errors"
  ],
  "ServiceControl.Operations.BodyStorage.Api.GetBodyById": [
    "GET: /messages/{id*}/body"
  ],
  "ServiceControl.MessageFailures.Api.GetErrorById": [
    "GET: /errors/{id}",
    "GET: /errors/last/{id}"
  ],
  "ServiceControl.CompositeViews.Messages.GetMessages": [
    "GET: /endpoints/{name}/messages",
    "GET: /messages"
  ],
  "ServiceControl.CompositeViews.Messages.GetMessagesByConversation": [
    "GET: /conversations/{conversationid}"
  ],
  "ServiceControl.CompositeViews.Messages.GetMessagesByQuery": [
    "GET: /endpoints/{name}/messages/search",
    "GET: /endpoints/{name}/messages/search/{keyword}",
    "GET: /messages/search",
    "GET: /messages/search/{keyword*}"
  ],
  "ServiceControl.Licensing.LicenseModule": [
    "GET: /license"
  ],
  "ServiceControl.MessageRedirects.Api.MessageRedirectsModule": [
    "DELETE: /redirects/{messageredirectid:guid}",
    "GET: /redirects",
    "HEAD: /redirects",
    "POST: /redirects",
    "PUT: /redirects/{messageredirectid:guid}"
  ],
  "ServiceControl.MessageFailures.Api.PendingRetryMessages": [
    "POST: /pendingretries/queues/retry",
    "POST: /pendingretries/retry"
  ],
  "ServiceControl.MessageFailures.Api.QueueAddressModule": [
    "GET: /errors/queues/addresses",
    "GET: /errors/queues/addresses/search/{search}"
  ],
  "ServiceControl.MessageFailures.Api.ResolveMessages": [
    "PATCH: /pendingretries/queues/resolve",
    "PATCH: /pendingretries/resolve"
  ],
  "ServiceControl.MessageFailures.Api.RetryMessages": [
    "POST: /errors/{messageid}/retry",
    "POST: /errors/{name}/retry/all",
    "POST: /errors/queues/{queueaddress}/retry",
    "POST: /errors/retry",
    "POST: /errors/retry/all"
  ],
  "ServiceBus.Management.Infrastructure.Nancy.Modules.RootModule": [
    "GET: /",
    "GET: /configuration",
    "GET: /instance-info"
  ],
  "ServiceControl.Recoverability.UnacknowledgedGroupsApi": [
    "DELETE: /recoverability/unacknowledgedgroups/{groupId}"
  ],
  "ServiceControl.MessageFailures.Api.UnArchiveMessages": [
    "PATCH: /errors/{from}...{to}/unarchive",
    "PATCH: /errors/unarchive"
  ],
  "Particular.ServiceControl.Upgrade.UpgradeModuleApi": [
    "GET: /upgrade"
  ]
}