Connection test to PostgreSql was successful

Connection settings used:
ConnectionString set
