Connection settings to PostgreSql have some errors:
PostgreSQL Connection String could not be parsed.

Connection attempted with the following settings:
ConnectionString set
