Connection test to AzureServiceBus failed:
The GUID for subscription is invalid not valid.

Connection attempted with the following settings:
ServiceBus name not set, defaulted to "testmenow"
SubscriptionId set
TenantId set
ClientId set
Client secret set
Management Url not set, defaulted to "https://management.azure.com/"
