Connection settings to AzureServiceBus have some errors:
Invalid tenant id provided. You can locate your tenant id by following the instructions listed here: https://learn.microsoft.com/partner-center/find-ids-and-domain-names (Parameter 'tenantId')

Connection attempted with the following settings:
ServiceBus name not set, defaulted to "testmenow"
SubscriptionId set to "not valid"
TenantId set to "not valid"
ClientId set to "not valid"
Client secret set
Management Url not set, defaulted to "https://management.azure.com/"
