deploy/PowerShellModules/Particular.ServiceControl.Management/InstallerEngine/ServiceControlInstaller.Engine.dll
src/ServiceControl.Config
src/ServiceControl.Config.Tests
src/ServiceControlInstaller.Engine
src/ServiceControlInstaller.Engine.UnitTests