<?xml version="1.0" encoding="utf-8"?>
<configuration>
    <appSettings>
        <add key="ServiceControl.Audit/Port" value="0" />
        <add key="ServiceControl.Audit/HostName" value="localhost" />
        <add key="ServiceControl.Audit/LogPath" value="value-not-asserted" />
        <add key="ServiceControl.Audit/ForwardAuditMessages" value="false" />
        <add key="ServiceControl.Audit/TransportType" value="ServiceControl.Transports.Msmq.MsmqTransportCustomization, ServiceControl.Transports.Msmq" />
        <add key="ServiceControl.Audit/PersistenceType" value="InMemory" />
        <add key="ServiceControl.Audit/AuditRetentionPeriod" value="00:00:00" />
        <add key="ServiceControl.Audit/EnableFullTextSearchOnBodies"
            value="false" />
    </appSettings>
    <runtime>
        <gcServer enabled="true" />
    </runtime>
</configuration>