[
  "PostgreSQL: PostgreSQL",
  "RavenDB: RavenDB",
  "RavenDB35: RavenDB 3.5 (Legacy)"
]