GET / => ServiceControl.Monitoring.Http.RootController:Get()
OPTIONS / => ServiceControl.Monitoring.Http.RootController:GetSupportedOperations()
GET /connection => ServiceControl.Monitoring.Connection.ConnectionController:GetConnectionDetails()
GET /license => ServiceControl.Monitoring.Http.LicenseController:License(Boolean refresh)
GET /monitored-endpoints => ServiceControl.Monitoring.Http.Diagrams.DiagramApiController:GetAllEndpointsMetrics(Nullable<Int32> history)
GET /monitored-endpoints/{endpointName} => ServiceControl.Monitoring.Http.Diagrams.DiagramApiController:GetSingleEndpointMetrics(String endpointName, Nullable<Int32> history)
GET /monitored-endpoints/disconnected => ServiceControl.Monitoring.Http.Diagrams.DiagramApiController:DisconnectedEndpointCount()
DELETE /monitored-instance/{endpointName}/{instanceId} => ServiceControl.Monitoring.Http.Diagrams.DiagramApiController:DeleteEndpointInstance(String endpointName, String instanceId)
