[
  {
    "Id": "00000000-0000-0000-0000-000000000003",
    "Uri": "api/sagas/00000000-0000-0000-0000-000000000003",
    "SagaType": "MySaga3"
  },
  {
    "Id": "00000000-0000-0000-0000-000000000002",
    "Uri": "api/sagas/00000000-0000-0000-0000-000000000002",
    "SagaType": "MySaga2"
  },
  {
    "Id": "00000000-0000-0000-0000-000000000001",
    "Uri": "api/sagas/00000000-0000-0000-0000-000000000001",
    "SagaType": "MySaga1"
  }
]